is_partial: true
properties (5):
  DisableImplicitFSharpCoreReference
  OutputType
  PublishReadyToRun
  RuntimeIdentifier
  TargetFramework
items (1):
  Compile       AssemblyCheck.fs
project_references (1):
  ../../src/FSharp.Core/FSharp.Core.fsproj
package_references (0, uncertain=true):
framework_references (0):
diagnostics (6):
  UnsupportedConstruct { element: "Project Sdk=\"Microsoft.NET.Sdk\"" }
  UndefinedProperty { name: "FSharpNetCoreProductTargetFramework" }
  UndefinedProperty { name: "EnablePublishReadyToRun" }
  UndefinedProperty { name: "NETCoreSdkRuntimeIdentifier" }
  UndefinedProperty { name: "FSHARPCORE_USE_PACKAGE" }
  UndefinedProperty { name: "FSHARPCORE_USE_PACKAGE" }
