is_partial: true
properties (19):
  AllowCrossTargeting
  CompressMetadata
  Configurations
  DefineConstants
  IsPackable
  NoInterfaceData
  NoOptimizationData
  NoWarn
  NuspecFile
  Optimize
  OtherFlags
  OutputType
  PackageDescription
  PackageId
  PackageReleaseNotes
  PackageVersionPrefix
  PreRelease
  Tailcalls
  TargetFrameworks
items (69):
  Compile       prim-types-prelude.fsi
  Compile       prim-types-prelude.fs
  Compile       prim-types.fsi
  Compile       prim-types.fs
  Compile       Random.fsi
  Compile       Random.fs
  Compile       local.fsi
  Compile       local.fs
  Compile       array2.fsi
  Compile       array2.fs
  Compile       option.fsi
  Compile       option.fs
  Compile       result.fsi
  Compile       result.fs
  Compile       collections.fsi
  Compile       collections.fs
  Compile       seqcore.fsi
  Compile       seqcore.fs
  Compile       seq.fsi
  Compile       seq.fs
  Compile       string.fsi
  Compile       string.fs
  Compile       list.fsi
  Compile       list.fs
  Compile       array.fsi
  Compile       array.fs
  Compile       array3.fsi
  Compile       array3.fs
  Compile       map.fsi
  Compile       map.fs
  Compile       set.fsi
  Compile       set.fs
  Compile       reflect.fsi
  Compile       reflect.fs
  Compile       math/z.fsi
  Compile       math/z.fs
  Compile       ../Compiler/Utilities/sformat.fsi
  Compile       ../Compiler/Utilities/sformat.fs
  Compile       printf.fsi
  Compile       printf.fs
  Compile       quotations.fsi
  Compile       quotations.fs
  Compile       nativeptr.fsi
  Compile       nativeptr.fs
  Compile       event.fsi
  Compile       event.fs
  Compile       resumable.fsi
  Compile       resumable.fs
  Compile       async.fsi
  Compile       async.fs
  Compile       tasks.fsi
  Compile       tasks.fs
  Compile       eventmodule.fsi
  Compile       eventmodule.fs
  Compile       observable.fsi
  Compile       observable.fs
  Compile       mailbox.fsi
  Compile       mailbox.fs
  Compile       Nullable.fsi
  Compile       Nullable.fs
  Compile       Linq.fsi
  Compile       Linq.fs
  Compile       MutableTuple.fs
  Compile       QueryExtensions.fs
  Compile       Query.fsi
  Compile       Query.fs
  Compile       SI.fs
  Compile       fslib-extra-pervasives.fsi
  Compile       fslib-extra-pervasives.fs
project_references (0):
package_references (0, uncertain=true):
framework_references (0):
diagnostics (13):
  UnsupportedConstruct { element: "Project Sdk=\"Microsoft.NET.Sdk\"" }
  UndefinedProperty { name: "NoWarn" }
  UndefinedProperty { name: "DefineConstants" }
  UndefinedProperty { name: "OtherFlags" }
  UndefinedProperty { name: "FSCorePackageVersion" }
  UndefinedProperty { name: "FSProductVersionPrefix" }
  UndefinedProperty { name: "FSLanguageVersion" }
  UndefinedProperty { name: "FSharpLibrariesChangelogVersion" }
  UndefinedProperty { name: "BUILDING_USING_DOTNET" }
  UndefinedProperty { name: "BUILDING_USING_DOTNET" }
  UnsupportedConstruct { element: "Target" }
  UndefinedProperty { name: "BUILDING_USING_DOTNET" }
  UndefinedProperty { name: "BUILDING_USING_DOTNET" }
